
> carenpedia@1.0.0 build
> prisma generate && next build

Environment variables loaded from .env
Prisma schema loaded from prisma\schema.prisma

Ô£ö Generated Prisma Client (v5.22.0) to .\node_modules\@prisma\client in 6.33s

Start by importing your Prisma Client (See: https://pris.ly/d/importing-client)

Tip: Want real-time updates to your database without manual polling? Discover how with Pulse: https://pris.ly/tip-0-pulse

npm :  ÔÜá Invalid next.config.mjs options detected: 
At line:1 char:1
+ npm run build 2>&1 | Tee-Object -FilePath "C:\carenpedia\build-output ...
+ ~~~~~~~~~~~~~~~~~~
    + CategoryInfo          : NotSpecified: ( ÔÜá Invalid ne...ions detected: :String) [], RemoteException
    + FullyQualifiedErrorId : NativeCommandError
 
 ÔÜá     Unrecognized key(s) in object: 'serverExternalPackages'
 ÔÜá See more info here: https://nextjs.org/docs/messages/invalid-next-config
  Ôû▓ Next.js 14.2.35
  - Environments: .env

   Creating an optimized production build ...
 Ô£ô Compiled successfully
   Linting and checking validity of types ...
   Collecting page data ...
 ÔÜá Sending SIGTERM signal to Next.js build worker due to timeout of 60 seconds. Subsequent errors may be a result of 
the worker exiting.
 Ô¿» Next.js build worker exited with code: null and signal: SIGTERM
 Ô¿» Next.js build worker exited with code: null and signal: SIGTERM
 Ô¿» Next.js build worker exited with code: null and signal: SIGTERM
 ÔÜá Restarted collecting page data for /_app because it took more than 60 seconds
 ÔÜá See more info here https://nextjs.org/docs/messages/static-page-generation-timeout
 ÔÜá Restarted collecting page data for /_app because it took more than 60 seconds
   Generating static pages (0/38) ...
   Generating static pages (9/38) 
   Generating static pages (18/38) 
   Generating static pages (28/38) 
 Ô£ô Generating static pages (38/38)
   Finalizing page optimization ...
   Collecting build traces ...

Route (app)                              Size     First Load JS
Ôöî ãÆ /                                    1.63 kB         102 kB
Ôö£ ãÆ /_not-found                          876 B          88.2 kB
Ôö£ ãÆ /admin                               1.99 kB          98 kB
Ôö£ ãÆ /admin/banners                       2.15 kB        98.2 kB
Ôö£ ãÆ /admin/banners/[id]                  1.63 kB        88.9 kB
Ôö£ ãÆ /admin/banners/new                   1.92 kB        97.9 kB
Ôö£ ãÆ /admin/catalog                       2.93 kB          99 kB
Ôö£ ãÆ /admin/categories                    1.42 kB        97.4 kB
Ôö£ ãÆ /admin/categories/[id]               1.37 kB        88.7 kB
Ôö£ ãÆ /admin/categories/new                1.02 kB        88.3 kB
Ôö£ ãÆ /admin/deposits                      1.63 kB        97.7 kB
Ôö£ ãÆ /admin/deposits/[id]                 1.81 kB        89.1 kB
Ôö£ ãÆ /admin/flash-sales                   2.19 kB        98.2 kB
Ôö£ ãÆ /admin/flash-sales/[id]              2.77 kB        90.1 kB
Ôö£ ãÆ /admin/flash-sales/new               2.6 kB         89.9 kB
Ôö£ ãÆ /admin/games                         1.49 kB        97.5 kB
Ôö£ ãÆ /admin/games/[id]                    1.72 kB        97.7 kB
Ôö£ ãÆ /admin/games/new                     1.88 kB        97.9 kB
Ôö£ ãÆ /admin/joki-orders                   1.56 kB        97.6 kB
Ôö£ ãÆ /admin/joki-orders/[id]              1.58 kB        88.9 kB
Ôö£ ãÆ /admin/orders                        1.64 kB        97.7 kB
Ôö£ ãÆ /admin/orders/[id]                   3.27 kB        90.6 kB
Ôö£ ãÆ /admin/payment-method-fees           1.52 kB        97.5 kB
Ôö£ ãÆ /admin/payment-method-fees/[id]      1.36 kB        88.6 kB
Ôö£ ãÆ /admin/payment-method-fees/new       1.23 kB        88.5 kB
Ôö£ ãÆ /admin/products                      1.84 kB        97.9 kB
Ôö£ ãÆ /admin/products/[id]                 2.31 kB        98.3 kB
Ôö£ ãÆ /admin/products/new                  2.36 kB        98.4 kB
Ôö£ ãÆ /admin/users                         1.6 kB         97.6 kB
Ôö£ ãÆ /admin/users/[id]                    1.58 kB        88.9 kB
Ôö£ ãÆ /admin/users/new                     1.22 kB        88.5 kB
Ôö£ ãÆ /admin/vouchers                      1.61 kB        97.6 kB
Ôö£ ãÆ /admin/vouchers/[id]                 2.67 kB        98.7 kB
Ôö£ ãÆ /admin/vouchers/new                  2.5 kB         98.5 kB
Ôö£ ãÆ /api/admin/banners                   0 B                0 B
Ôö£ ãÆ /api/admin/banners/[id]              0 B                0 B
Ôö£ ãÆ /api/admin/catalog                   0 B                0 B
Ôö£ ãÆ /api/admin/categories                0 B                0 B
Ôö£ ãÆ /api/admin/categories/[id]           0 B                0 B
Ôö£ ãÆ /api/admin/deposits                  0 B                0 B
Ôö£ ãÆ /api/admin/deposits/[id]             0 B                0 B
Ôö£ ãÆ /api/admin/flash-sales               0 B                0 B
Ôö£ ãÆ /api/admin/game-category             0 B                0 B
Ôö£ ãÆ /api/admin/games                     0 B                0 B
Ôö£ ãÆ /api/admin/games/[id]                0 B                0 B
Ôö£ ãÆ /api/admin/games/mini                0 B                0 B
Ôö£ ãÆ /api/admin/joki-orders               0 B                0 B
Ôö£ ãÆ /api/admin/joki-orders/[id]          0 B                0 B
Ôö£ ãÆ /api/admin/orders                    0 B                0 B
Ôö£ ãÆ /api/admin/orders/[id]               0 B                0 B
Ôö£ ãÆ /api/admin/payment-method-fees       0 B                0 B
Ôö£ ãÆ /api/admin/payment-method-fees/[id]  0 B                0 B
Ôö£ ãÆ /api/admin/products                  0 B                0 B
Ôö£ ãÆ /api/admin/products/[id]             0 B                0 B
Ôö£ ãÆ /api/admin/products/create           0 B                0 B
Ôö£ ãÆ /api/admin/products/mini             0 B                0 B
Ôö£ ãÆ /api/admin/users                     0 B                0 B
Ôö£ ãÆ /api/admin/users/[id]                0 B                0 B
Ôö£ ãÆ /api/admin/vouchers                  0 B                0 B
Ôö£ ãÆ /api/admin/vouchers/[id]             0 B                0 B
Ôö£ ãÆ /api/auth/forgot-password            0 B                0 B
Ôö£ ãÆ /api/auth/login                      0 B                0 B
Ôö£ ãÆ /api/auth/logout                     0 B                0 B
Ôö£ ãÆ /api/auth/me                         0 B                0 B
Ôö£ ãÆ /api/auth/register                   0 B                0 B
Ôö£ ãÆ /api/auth/reset-password             0 B                0 B
Ôö£ ãÆ /api/checkout                        0 B                0 B
Ôö£ ãÆ /api/digiflazz/pricelist             0 B                0 B
Ôö£ ãÆ /api/games/search                    0 B                0 B
Ôö£ ãÆ /api/topup/[slug]/products           0 B                0 B
Ôö£ ãÆ /api/webhooks/tripay                 0 B                0 B
Ôö£ ãÆ /api/webhooks/xendit                 0 B                0 B
Ôö£ ãÆ /daftar                              3.09 kB        99.1 kB
Ôö£ ãÆ /invoice/[id]                        933 B           101 kB
Ôö£ ãÆ /kalkulator                          1.88 kB         102 kB
Ôö£ ãÆ /keluar                              0 B                0 B
Ôö£ ãÆ /lupa-password                       3.12 kB        99.1 kB
Ôö£ ãÆ /masuk                               2.96 kB          99 kB
Ôö£ ãÆ /reseller                            1.99 kB          98 kB
Ôö£ ãÆ /reset-password                      975 B           101 kB
Ôö£ ãÆ /riwayat                             1.56 kB         101 kB
Ôö£ ãÆ /topup/[slug]                        3.37 kB         103 kB
Ôö£ ãÆ /user/dashboard                      1.35 kB        88.6 kB
Ôö£ ãÆ /user/deposit                        2.12 kB        89.4 kB
Ôö£ ãÆ /user/pricelist                      1.32 kB        88.6 kB
Ôö£ ãÆ /user/profile                        2.1 kB         98.1 kB
Ôöö ãÆ /user/settings                       1.44 kB        88.7 kB
+ First Load JS shared by all            87.3 kB
  Ôö£ chunks/2117-805b10d77cddd1c2.js      31.7 kB
  Ôö£ chunks/fd9d1056-fed2ccfdc22c277b.js  53.6 kB
  Ôöö other shared chunks (total)          1.92 kB


ãÆ Middleware                             32.5 kB

ãÆ  (Dynamic)  server-rendered on demand

